// Jest Snapshot v1, https://jestjs.io/docs/snapshot-testing

exports[`SearchInput renders with default props 1`] = `
<div>
  <div>
    <div
      class="relative"
    >
      <input
        class="w-full rounded-lg border border-gray-400 px-3 py-2 text-sm text-gray-900 placeholder:text-gray-300 focus:border-lime-600 focus:outline-none disabled:cursor-not-allowed disabled:border-gray-200 disabled:opacity-50 pr-10"
        placeholder="Search..."
        value=""
      />
      <span
        class="absolute right-3 top-1/2 -translate-y-1/2 text-gray-400"
      >
        <svg
          color="#6B7280"
          fill="none"
          height="20"
          viewBox="0 0 24 24"
          width="20"
          xmlns="http://www.w3.org/2000/svg"
        >
          <path
            d="M15.5 14h-.79l-.28-.27A6.471 6.471 0 0 0 16 9.5 6.5 6.5 0 1 0 9.5 16c1.61 0 3.09-.59 4.23-1.57l.27.28v.79l5 4.99L20.49 19l-4.99-5Zm-6 0C7.01 14 5 11.99 5 9.5S7.01 5 9.5 5 14 7.01 14 9.5 11.99 14 9.5 14Z"
            fill="#6B7280"
          />
        </svg>
      </span>
    </div>
  </div>
</div>
`;
