// Jest Snapshot v1, https://jestjs.io/docs/snapshot-testing

exports[`OnboardingContent should render WalletForm with empty userId when session is null 1`] = `
<div>
  <form
    class="flex flex-col gap-6"
  >
    <div>
      <label
        class="mb-1 block text-xs text-gray-400"
      >
        Wallet Name
      </label>
      <div
        class="relative"
      >
        <input
          class="w-full rounded-lg border border-gray-400 px-3 py-2 text-sm text-gray-900 placeholder:text-gray-300 focus:border-lime-600 focus:outline-none disabled:cursor-not-allowed disabled:border-gray-200 disabled:opacity-50"
          placeholder="e.g. Cash, Bank Account"
          value=""
        />
      </div>
    </div>
    <div>
      <p
        class="mb-1 text-xs text-gray-400"
      >
        Currency
      </p>
      <div
        class="space-y-2"
      >
        <div
          class="flex cursor-pointer items-center gap-3 rounded-lg border px-4 py-3 transition-colors border-lime-600 bg-lime-50"
        >
          <span
            class="text-sm font-medium text-gray-900"
          >
            Việt Nam Đồng
          </span>
          <span
            class="ml-auto text-xs text-gray-400"
          >
            VND
          </span>
        </div>
        <div
          class="flex cursor-pointer items-center gap-3 rounded-lg border px-4 py-3 transition-colors border-gray-200 hover:bg-gray-50"
        >
          <span
            class="text-sm font-medium text-gray-900"
          >
            US Dollar
          </span>
          <span
            class="ml-auto text-xs text-gray-400"
          >
            USD
          </span>
        </div>
      </div>
    </div>
    <button
      class="inline-flex items-center justify-center gap-2 rounded-md transition-colors cursor-pointer disabled:opacity-50 disabled:cursor-not-allowed disabled:pointer-events-none bg-lime-600 text-white hover:bg-lime-700 h-11 px-6 text-base w-full"
      disabled=""
      type="submit"
    >
      Submit
    </button>
  </form>
</div>
`;

exports[`OnboardingContent should render WalletForm with userId and match snapshot 1`] = `
<div>
  <form
    class="flex flex-col gap-6"
  >
    <div>
      <label
        class="mb-1 block text-xs text-gray-400"
      >
        Wallet Name
      </label>
      <div
        class="relative"
      >
        <input
          class="w-full rounded-lg border border-gray-400 px-3 py-2 text-sm text-gray-900 placeholder:text-gray-300 focus:border-lime-600 focus:outline-none disabled:cursor-not-allowed disabled:border-gray-200 disabled:opacity-50"
          placeholder="e.g. Cash, Bank Account"
          value=""
        />
      </div>
    </div>
    <div>
      <p
        class="mb-1 text-xs text-gray-400"
      >
        Currency
      </p>
      <div
        class="space-y-2"
      >
        <div
          class="flex cursor-pointer items-center gap-3 rounded-lg border px-4 py-3 transition-colors border-lime-600 bg-lime-50"
        >
          <span
            class="text-sm font-medium text-gray-900"
          >
            Việt Nam Đồng
          </span>
          <span
            class="ml-auto text-xs text-gray-400"
          >
            VND
          </span>
        </div>
        <div
          class="flex cursor-pointer items-center gap-3 rounded-lg border px-4 py-3 transition-colors border-gray-200 hover:bg-gray-50"
        >
          <span
            class="text-sm font-medium text-gray-900"
          >
            US Dollar
          </span>
          <span
            class="ml-auto text-xs text-gray-400"
          >
            USD
          </span>
        </div>
      </div>
    </div>
    <button
      class="inline-flex items-center justify-center gap-2 rounded-md transition-colors cursor-pointer disabled:opacity-50 disabled:cursor-not-allowed disabled:pointer-events-none bg-lime-600 text-white hover:bg-lime-700 h-11 px-6 text-base w-full"
      disabled=""
      type="submit"
    >
      Submit
    </button>
  </form>
</div>
`;
