// Jest Snapshot v1, https://jestjs.io/docs/snapshot-testing

exports[`SignUpForm renders with default props 1`] = `
<div>
  <form
    class="w-full space-y-4"
  >
    <h1
      class="mb-6 text-center text-2xl font-bold text-gray-900"
    >
      Sign Up
    </h1>
    <div>
      <div
        class="relative"
      >
        <input
          class="w-full rounded-lg border border-gray-400 px-3 py-2 text-sm text-gray-900 placeholder:text-gray-300 focus:border-lime-600 focus:outline-none disabled:cursor-not-allowed disabled:border-gray-200 disabled:opacity-50"
          placeholder="Email"
          type="email"
          value=""
        />
      </div>
    </div>
    <div>
      <div
        class="relative"
      >
        <input
          class="w-full rounded-lg border border-gray-400 px-3 py-2 text-sm text-gray-900 placeholder:text-gray-300 focus:border-lime-600 focus:outline-none disabled:cursor-not-allowed disabled:border-gray-200 disabled:opacity-50 pr-10"
          placeholder="Password"
          type="password"
          value=""
        />
        <span
          class="absolute right-3 top-1/2 -translate-y-1/2 text-gray-400"
        >
          <svg
            class="cursor-pointer"
            color="#6B7280"
            fill="none"
            height="24"
            viewBox="0 0 24 24"
            width="24"
            xmlns="http://www.w3.org/2000/svg"
          >
            <path
              d="M12 4.5C7 4.5 2.73 7.61 1 12c1.73 4.39 6 7.5 11 7.5s9.27-3.11 11-7.5c-1.73-4.39-6-7.5-11-7.5ZM12 17c-2.76 0-5-2.24-5-5s2.24-5 5-5 5 2.24 5 5-2.24 5-5 5Zm0-8c-1.66 0-3 1.34-3 3s1.34 3 3 3 3-1.34 3-3-1.34-3-3-3Z"
              fill="#6B7280"
            />
          </svg>
        </span>
      </div>
    </div>
    <div>
      <div
        class="relative"
      >
        <input
          class="w-full rounded-lg border border-gray-400 px-3 py-2 text-sm text-gray-900 placeholder:text-gray-300 focus:border-lime-600 focus:outline-none disabled:cursor-not-allowed disabled:border-gray-200 disabled:opacity-50 pr-10"
          placeholder="Confirm Password"
          type="password"
          value=""
        />
        <span
          class="absolute right-3 top-1/2 -translate-y-1/2 text-gray-400"
        >
          <svg
            class="cursor-pointer"
            color="#6B7280"
            fill="none"
            height="24"
            viewBox="0 0 24 24"
            width="24"
            xmlns="http://www.w3.org/2000/svg"
          >
            <path
              d="M12 4.5C7 4.5 2.73 7.61 1 12c1.73 4.39 6 7.5 11 7.5s9.27-3.11 11-7.5c-1.73-4.39-6-7.5-11-7.5ZM12 17c-2.76 0-5-2.24-5-5s2.24-5 5-5 5 2.24 5 5-2.24 5-5 5Zm0-8c-1.66 0-3 1.34-3 3s1.34 3 3 3 3-1.34 3-3-1.34-3-3-3Z"
              fill="#6B7280"
            />
          </svg>
        </span>
      </div>
    </div>
    <p
      class="text-right text-sm text-gray-500"
    >
      Already have an account? 
      <a
        class="text-green-600 hover:underline"
        href="/sign-in"
      >
        Sign In
      </a>
    </p>
    <button
      class="inline-flex items-center justify-center gap-2 rounded-md transition-colors cursor-pointer disabled:opacity-50 disabled:cursor-not-allowed disabled:pointer-events-none bg-lime-600 text-white hover:bg-lime-700 h-11 px-6 text-base w-full uppercase"
      disabled=""
      type="submit"
    >
      Submit
    </button>
  </form>
</div>
`;
