// Jest Snapshot v1, https://jestjs.io/docs/snapshot-testing

exports[`MenuActions renders with default props 1`] = `
<div>
  <div
    class="relative"
  >
    <button
      class="inline-flex items-center justify-center gap-2 rounded-md transition-colors cursor-pointer disabled:opacity-50 disabled:cursor-not-allowed disabled:pointer-events-none bg-transparent text-tx-primary hover:bg-white hover:text-tx-primary text-sm h-6 w-6 p-0"
    >
      <svg
        fill="none"
        height="20"
        viewBox="0 0 24 24"
        width="20"
        xmlns="http://www.w3.org/2000/svg"
      >
        <circle
          cx="12"
          cy="5"
          fill="#9CA3AF"
          r="1.5"
        />
        <circle
          cx="12"
          cy="12"
          fill="#9CA3AF"
          r="1.5"
        />
        <circle
          cx="12"
          cy="19"
          fill="#9CA3AF"
          r="1.5"
        />
      </svg>
    </button>
  </div>
</div>
`;
