// Jest Snapshot v1, https://jestjs.io/docs/snapshot-testing

exports[`Toast renders with default props 1`] = `
<div>
  <div
    class="flex items-center gap-3 rounded-lg border-l-4 px-4 py-3 shadow-lg bg-green-50 border-green-500 text-green-800"
  >
    <div
      class="flex-1"
    >
      <p
        class="text-sm font-medium"
      >
        Success
      </p>
    </div>
    <button
      class="inline-flex items-center justify-center gap-2 rounded-md transition-colors cursor-pointer disabled:opacity-50 disabled:cursor-not-allowed disabled:pointer-events-none bg-transparent text-tx-primary hover:bg-white hover:text-tx-primary text-sm h-auto p-0 shrink-0 opacity-50 hover:opacity-100"
    >
      <svg
        fill="none"
        height="16"
        viewBox="0 0 24 24"
        width="16"
        xmlns="http://www.w3.org/2000/svg"
      >
        <path
          d="M19 6.41 17.59 5 12 10.59 6.41 5 5 6.41 10.59 12 5 17.59 6.41 19 12 13.41 17.59 19 19 17.59 13.41 12 19 6.41Z"
          fill="currentColor"
        />
      </svg>
    </button>
  </div>
</div>
`;
