// Jest Snapshot v1, https://jestjs.io/docs/snapshot-testing

exports[`Input renders with default props 1`] = `
<div>
  <div>
    <div
      class="relative"
    >
      <input
        class="w-full rounded-lg border border-gray-400 px-3 py-2 text-sm text-gray-900 placeholder:text-gray-300 focus:border-lime-600 focus:outline-none disabled:cursor-not-allowed disabled:border-gray-200 disabled:opacity-50"
      />
    </div>
  </div>
</div>
`;
