// Jest Snapshot v1, https://jestjs.io/docs/snapshot-testing

exports[`Avatar renders with default props 1`] = `
<div>
  <div
    class="relative flex shrink-0 overflow-hidden rounded-full h-10 w-10"
  >
    <img
      alt=""
      class="object-cover"
      data-nimg="fill"
      decoding="async"
      loading="lazy"
      sizes="40px"
      src="http://localhost/_next/image?url=%2Fdefault-avatar.png&w=3840&q=75"
      srcset="/_next/image?url=%2Fdefault-avatar.png&w=32&q=75 32w, /_next/image?url=%2Fdefault-avatar.png&w=48&q=75 48w, /_next/image?url=%2Fdefault-avatar.png&w=64&q=75 64w, /_next/image?url=%2Fdefault-avatar.png&w=96&q=75 96w, /_next/image?url=%2Fdefault-avatar.png&w=128&q=75 128w, /_next/image?url=%2Fdefault-avatar.png&w=256&q=75 256w, /_next/image?url=%2Fdefault-avatar.png&w=384&q=75 384w, /_next/image?url=%2Fdefault-avatar.png&w=640&q=75 640w, /_next/image?url=%2Fdefault-avatar.png&w=750&q=75 750w, /_next/image?url=%2Fdefault-avatar.png&w=828&q=75 828w, /_next/image?url=%2Fdefault-avatar.png&w=1080&q=75 1080w, /_next/image?url=%2Fdefault-avatar.png&w=1200&q=75 1200w, /_next/image?url=%2Fdefault-avatar.png&w=1920&q=75 1920w, /_next/image?url=%2Fdefault-avatar.png&w=2048&q=75 2048w, /_next/image?url=%2Fdefault-avatar.png&w=3840&q=75 3840w"
      style="position: absolute; height: 100%; width: 100%; left: 0px; top: 0px; right: 0px; bottom: 0px; color: transparent;"
    />
  </div>
</div>
`;
