// Jest Snapshot v1, https://jestjs.io/docs/snapshot-testing

exports[`CategoryList renders with default props 1`] = `
<div>
  <div
    class="flex flex-col gap-4"
  >
    <div
      class="flex gap-2 rounded-lg bg-gray-200 p-1"
    >
      <button
        class="inline-flex items-center justify-center gap-2 transition-colors cursor-pointer disabled:opacity-50 disabled:cursor-not-allowed disabled:pointer-events-none hover:text-tx-primary h-10 px-4 flex-1 rounded-md py-2 text-sm font-medium bg-white text-gray-900 shadow-sm hover:bg-white"
      >
        Expense
      </button>
      <button
        class="inline-flex items-center justify-center gap-2 transition-colors cursor-pointer disabled:opacity-50 disabled:cursor-not-allowed disabled:pointer-events-none h-10 px-4 flex-1 rounded-md py-2 text-sm font-medium bg-transparent text-gray-500 hover:bg-transparent hover:text-gray-700"
      >
        Income
      </button>
    </div>
    <button
      class="inline-flex items-center justify-center gap-2 rounded-md transition-colors cursor-pointer disabled:opacity-50 disabled:cursor-not-allowed disabled:pointer-events-none border border-lime-600 bg-white text-lime-600 hover:bg-lime-50 h-10 px-4 text-sm w-full"
    >
      <span
        class="flex h-5 w-5 items-center justify-center rounded-full bg-lime-100 text-xs text-lime-600"
      >
        +
      </span>
      New category
    </button>
    <div
      class="rounded-lg border border-gray-200 bg-white"
    >
      <div>
        <div
          class="flex cursor-pointer items-center gap-3 border-b border-gray-100 px-4 py-3 last:border-b-0 hover:bg-gray-50"
        >
          <div
            class="flex items-center gap-3"
          >
            <div
              class="flex h-10 w-10 shrink-0 items-center justify-center rounded-full bg-gray-200 text-sm font-medium text-gray-500"
            >
              F
            </div>
            <div>
              <p
                class="text-sm font-medium text-gray-900"
              >
                Food & Beverage
              </p>
            </div>
          </div>
          <div
            class="flex-1"
          />
          <div
            class="relative"
          >
            <button
              class="inline-flex items-center justify-center gap-2 rounded-md transition-colors cursor-pointer disabled:opacity-50 disabled:cursor-not-allowed disabled:pointer-events-none bg-transparent text-tx-primary hover:bg-white hover:text-tx-primary text-sm h-6 w-6 p-0"
            >
              <svg
                fill="none"
                height="20"
                viewBox="0 0 24 24"
                width="20"
                xmlns="http://www.w3.org/2000/svg"
              >
                <circle
                  cx="12"
                  cy="5"
                  fill="#9CA3AF"
                  r="1.5"
                />
                <circle
                  cx="12"
                  cy="12"
                  fill="#9CA3AF"
                  r="1.5"
                />
                <circle
                  cx="12"
                  cy="19"
                  fill="#9CA3AF"
                  r="1.5"
                />
              </svg>
            </button>
          </div>
          <svg
            class="transition-transform "
            fill="none"
            height="16"
            viewBox="0 0 24 24"
            width="16"
            xmlns="http://www.w3.org/2000/svg"
          >
            <path
              d="M10 6L8.59 7.41 13.17 12l-4.58 4.59L10 18l6-6z"
              fill="#d1d5db"
            />
          </svg>
        </div>
      </div>
      <div>
        <div
          class="flex cursor-pointer items-center gap-3 border-b border-gray-100 px-4 py-3 last:border-b-0 hover:bg-gray-50"
        >
          <div
            class="flex items-center gap-3"
          >
            <div
              class="flex h-10 w-10 shrink-0 items-center justify-center rounded-full bg-gray-200 text-sm font-medium text-gray-500"
            >
              T
            </div>
            <div>
              <p
                class="text-sm font-medium text-gray-900"
              >
                Transportation
              </p>
            </div>
          </div>
          <div
            class="flex-1"
          />
          <div
            class="relative"
          >
            <button
              class="inline-flex items-center justify-center gap-2 rounded-md transition-colors cursor-pointer disabled:opacity-50 disabled:cursor-not-allowed disabled:pointer-events-none bg-transparent text-tx-primary hover:bg-white hover:text-tx-primary text-sm h-6 w-6 p-0"
            >
              <svg
                fill="none"
                height="20"
                viewBox="0 0 24 24"
                width="20"
                xmlns="http://www.w3.org/2000/svg"
              >
                <circle
                  cx="12"
                  cy="5"
                  fill="#9CA3AF"
                  r="1.5"
                />
                <circle
                  cx="12"
                  cy="12"
                  fill="#9CA3AF"
                  r="1.5"
                />
                <circle
                  cx="12"
                  cy="19"
                  fill="#9CA3AF"
                  r="1.5"
                />
              </svg>
            </button>
          </div>
          <svg
            class="transition-transform "
            fill="none"
            height="16"
            viewBox="0 0 24 24"
            width="16"
            xmlns="http://www.w3.org/2000/svg"
          >
            <path
              d="M10 6L8.59 7.41 13.17 12l-4.58 4.59L10 18l6-6z"
              fill="#d1d5db"
            />
          </svg>
        </div>
      </div>
      <div>
        <div
          class="flex cursor-pointer items-center gap-3 border-b border-gray-100 px-4 py-3 last:border-b-0 hover:bg-gray-50"
        >
          <div
            class="flex items-center gap-3"
          >
            <div
              class="flex h-10 w-10 shrink-0 items-center justify-center rounded-full bg-gray-200 text-sm font-medium text-gray-500"
            >
              R
            </div>
            <div>
              <p
                class="text-sm font-medium text-gray-900"
              >
                Rentals
              </p>
            </div>
          </div>
          <div
            class="flex-1"
          />
          <div
            class="relative"
          >
            <button
              class="inline-flex items-center justify-center gap-2 rounded-md transition-colors cursor-pointer disabled:opacity-50 disabled:cursor-not-allowed disabled:pointer-events-none bg-transparent text-tx-primary hover:bg-white hover:text-tx-primary text-sm h-6 w-6 p-0"
            >
              <svg
                fill="none"
                height="20"
                viewBox="0 0 24 24"
                width="20"
                xmlns="http://www.w3.org/2000/svg"
              >
                <circle
                  cx="12"
                  cy="5"
                  fill="#9CA3AF"
                  r="1.5"
                />
                <circle
                  cx="12"
                  cy="12"
                  fill="#9CA3AF"
                  r="1.5"
                />
                <circle
                  cx="12"
                  cy="19"
                  fill="#9CA3AF"
                  r="1.5"
                />
              </svg>
            </button>
          </div>
          <svg
            class="transition-transform "
            fill="none"
            height="16"
            viewBox="0 0 24 24"
            width="16"
            xmlns="http://www.w3.org/2000/svg"
          >
            <path
              d="M10 6L8.59 7.41 13.17 12l-4.58 4.59L10 18l6-6z"
              fill="#d1d5db"
            />
          </svg>
        </div>
      </div>
      <div>
        <div
          class="flex cursor-pointer items-center gap-3 border-b border-gray-100 px-4 py-3 last:border-b-0 hover:bg-gray-50"
        >
          <div
            class="flex items-center gap-3"
          >
            <div
              class="flex h-10 w-10 shrink-0 items-center justify-center rounded-full bg-gray-200 text-sm font-medium text-gray-500"
            >
              O
            </div>
            <div>
              <p
                class="text-sm font-medium text-gray-900"
              >
                Other Utility Bills
              </p>
            </div>
          </div>
          <div
            class="flex-1"
          />
          <div
            class="relative"
          >
            <button
              class="inline-flex items-center justify-center gap-2 rounded-md transition-colors cursor-pointer disabled:opacity-50 disabled:cursor-not-allowed disabled:pointer-events-none bg-transparent text-tx-primary hover:bg-white hover:text-tx-primary text-sm h-6 w-6 p-0"
            >
              <svg
                fill="none"
                height="20"
                viewBox="0 0 24 24"
                width="20"
                xmlns="http://www.w3.org/2000/svg"
              >
                <circle
                  cx="12"
                  cy="5"
                  fill="#9CA3AF"
                  r="1.5"
                />
                <circle
                  cx="12"
                  cy="12"
                  fill="#9CA3AF"
                  r="1.5"
                />
                <circle
                  cx="12"
                  cy="19"
                  fill="#9CA3AF"
                  r="1.5"
                />
              </svg>
            </button>
          </div>
        </div>
      </div>
      <div>
        <div
          class="flex cursor-pointer items-center gap-3 border-b border-gray-100 px-4 py-3 last:border-b-0 hover:bg-gray-50"
        >
          <div
            class="flex items-center gap-3"
          >
            <div
              class="flex h-10 w-10 shrink-0 items-center justify-center rounded-full bg-gray-200 text-sm font-medium text-gray-500"
            >
              H
            </div>
            <div>
              <p
                class="text-sm font-medium text-gray-900"
              >
                Home Maintenance
              </p>
            </div>
          </div>
          <div
            class="flex-1"
          />
          <div
            class="relative"
          >
            <button
              class="inline-flex items-center justify-center gap-2 rounded-md transition-colors cursor-pointer disabled:opacity-50 disabled:cursor-not-allowed disabled:pointer-events-none bg-transparent text-tx-primary hover:bg-white hover:text-tx-primary text-sm h-6 w-6 p-0"
            >
              <svg
                fill="none"
                height="20"
                viewBox="0 0 24 24"
                width="20"
                xmlns="http://www.w3.org/2000/svg"
              >
                <circle
                  cx="12"
                  cy="5"
                  fill="#9CA3AF"
                  r="1.5"
                />
                <circle
                  cx="12"
                  cy="12"
                  fill="#9CA3AF"
                  r="1.5"
                />
                <circle
                  cx="12"
                  cy="19"
                  fill="#9CA3AF"
                  r="1.5"
                />
              </svg>
            </button>
          </div>
        </div>
      </div>
      <div>
        <div
          class="flex cursor-pointer items-center gap-3 border-b border-gray-100 px-4 py-3 last:border-b-0 hover:bg-gray-50"
        >
          <div
            class="flex items-center gap-3"
          >
            <div
              class="flex h-10 w-10 shrink-0 items-center justify-center rounded-full bg-gray-200 text-sm font-medium text-gray-500"
            >
              V
            </div>
            <div>
              <p
                class="text-sm font-medium text-gray-900"
              >
                Vehicle Maintenance
              </p>
            </div>
          </div>
          <div
            class="flex-1"
          />
          <div
            class="relative"
          >
            <button
              class="inline-flex items-center justify-center gap-2 rounded-md transition-colors cursor-pointer disabled:opacity-50 disabled:cursor-not-allowed disabled:pointer-events-none bg-transparent text-tx-primary hover:bg-white hover:text-tx-primary text-sm h-6 w-6 p-0"
            >
              <svg
                fill="none"
                height="20"
                viewBox="0 0 24 24"
                width="20"
                xmlns="http://www.w3.org/2000/svg"
              >
                <circle
                  cx="12"
                  cy="5"
                  fill="#9CA3AF"
                  r="1.5"
                />
                <circle
                  cx="12"
                  cy="12"
                  fill="#9CA3AF"
                  r="1.5"
                />
                <circle
                  cx="12"
                  cy="19"
                  fill="#9CA3AF"
                  r="1.5"
                />
              </svg>
            </button>
          </div>
        </div>
      </div>
    </div>
  </div>
</div>
`;
